=== Game Log ===

